| Test.java:9:10:9:13 | data | Found flow from $@ | Test.java:8:19:8:26 | source(...) | source |